         ns       /tbmealysm/clk  /tbmealysm/m0/next_state         
          delta       /tbmealysm/x                                 
                        /tbmealysm/z                               
                        /tbmealysm/POR                             
                      /tbmealysm/m0/state                          
          0  +0                1 0 0 0 s0               s0 
          0  +1                1 0 0 0 s0               s1 
          5  +0                0 0 0 0 s0               s1 
         10  +0                1 0 0 0 s0               s1 
         10  +1                1 0 0 0 s1               s1 
         15  +0                0 0 0 0 s1               s1 
         20  +0                1 0 0 0 s1               s1 
         25  +0                0 0 0 0 s1               s1 
         30  +0                1 0 0 0 s1               s1 
         35  +0                0 0 0 0 s1               s1 
         40  +0                1 0 0 0 s1               s1 
         45  +0                0 0 0 0 s1               s1 
         50  +0                1 0 0 0 s1               s1 
         51  +1                1 1 0 0 s1               s1 
         51  +2                1 1 1 0 s1               s2 
         55  +0                0 1 1 0 s1               s2 
         60  +0                1 1 1 0 s1               s2 
         60  +1                1 1 1 0 s2               s2 
         60  +2                1 1 0 0 s2               s4 
         61  +1                1 0 0 0 s2               s4 
         61  +2                1 0 1 0 s2               s3 
         65  +0                0 0 1 0 s2               s3 
         70  +0                1 0 1 0 s2               s3 
         70  +1                1 0 1 0 s3               s3 
         70  +2                1 0 0 0 s3               s5 
         71  +1                1 1 0 0 s3               s5 
         71  +2                1 1 0 0 s3               s2 
         75  +0                0 1 0 0 s3               s2 
         80  +0                1 1 0 0 s3               s2 
         80  +1                1 1 0 0 s2               s2 
         80  +2                1 1 0 0 s2               s4 
         81  +1                1 0 0 0 s2               s4 
         81  +2                1 0 1 0 s2               s3 
         85  +0                0 0 1 0 s2               s3 
         90  +0                1 0 1 0 s2               s3 
         90  +1                1 0 1 0 s3               s3 
         90  +2                1 0 0 0 s3               s5 
         95  +0                0 0 0 0 s3               s5 
        100  +0                1 0 0 0 s3               s5 
        100  +1                1 0 0 0 s5               s5 
        100  +2                1 0 0 0 s5               s1 
        101  +1                1 1 0 0 s5               s1 
        101  +2                1 1 1 0 s5               s2 
        105  +0                0 1 1 0 s5               s2 
        110  +0                1 1 1 0 s5               s2 
        110  +1                1 1 1 0 s2               s2 
        110  +2                1 1 0 0 s2               s4 
        115  +0                0 1 0 0 s2               s4 
        120  +0                1 1 0 0 s2               s4 
        120  +1                1 1 0 0 s4               s4 
        125  +0                0 1 0 0 s4               s4 
        130  +0                1 1 0 0 s4               s4 
        135  +0                0 1 0 0 s4               s4 
        140  +0                1 1 0 0 s4               s4 
        141  +1                1 0 0 0 s4               s4 
        141  +2                1 0 0 0 s4               s3 
        145  +0                0 0 0 0 s4               s3 
        150  +0                1 0 0 0 s4               s3 
        150  +1                1 0 0 0 s3               s3 
        150  +2                1 0 0 0 s3               s5 
        155  +0                0 0 0 0 s3               s5 
        160  +0                1 0 0 0 s3               s5 
        160  +1                1 0 0 0 s5               s5 
        160  +2                1 0 0 0 s5               s1 
        161  +1                1 1 0 0 s5               s1 
        161  +2                1 1 1 0 s5               s2 
        165  +0                0 1 1 0 s5               s2 
        170  +0                1 1 1 0 s5               s2 
        170  +1                1 1 1 0 s2               s2 
        170  +2                1 1 0 0 s2               s4 
        171  +1                1 0 0 0 s2               s4 
        171  +2                1 0 1 0 s2               s3 
        175  +0                0 0 1 0 s2               s3 
        180  +0                1 0 1 0 s2               s3 
        180  +1                1 0 1 0 s3               s3 
        180  +2                1 0 0 0 s3               s5 
        185  +0                0 0 0 0 s3               s5 
        190  +0                1 0 0 0 s3               s5 
        190  +1                1 0 0 0 s5               s5 
        190  +2                1 0 0 0 s5               s1 
        195  +0                0 0 0 0 s5               s1 
        200  +0                1 0 0 0 s5               s1 
        200  +1                1 0 0 0 s1               s1 
        205  +0                0 0 0 0 s1               s1 
        210  +0                1 0 0 0 s1               s1 
        211  +1                1 1 0 0 s1               s1 
        211  +2                1 1 1 0 s1               s2 
        215  +0                0 1 1 0 s1               s2 
        220  +0                1 1 1 0 s1               s2 
        220  +1                1 1 1 0 s2               s2 
        220  +2                1 1 0 0 s2               s4 
        225  +0                0 1 0 0 s2               s4 
        230  +0                1 1 0 0 s2               s4 
        230  +1                1 1 0 0 s4               s4 
        235  +0                0 1 0 0 s4               s4 
        240  +0                1 1 0 0 s4               s4 
        245  +0                0 1 0 0 s4               s4 
        250  +0                1 1 0 0 s4               s4 
        255  +0                0 1 0 0 s4               s4 
        260  +0                1 1 0 0 s4               s4 
        261  +1                1 0 0 0 s4               s4 
        261  +2                1 0 0 0 s4               s3 
        265  +0                0 0 0 0 s4               s3 
        270  +0                1 0 0 0 s4               s3 
        270  +1                1 0 0 0 s3               s3 
        270  +2                1 0 0 0 s3               s5 
        271  +1                1 1 0 0 s3               s5 
        271  +2                1 1 0 0 s3               s2 
        275  +0                0 1 0 0 s3               s2 
        280  +0                1 1 0 0 s3               s2 
        280  +1                1 1 0 0 s2               s2 
        280  +2                1 1 0 0 s2               s4 
        281  +1                1 0 0 0 s2               s4 
        281  +2                1 0 1 0 s2               s3 
        285  +0                0 0 1 0 s2               s3 
        290  +0                1 0 1 0 s2               s3 
        290  +1                1 0 1 0 s3               s3 
        290  +2                1 0 0 0 s3               s5 
        291  +1                1 1 0 0 s3               s5 
        291  +2                1 1 0 0 s3               s2 
        295  +0                0 1 0 0 s3               s2 
        300  +0                1 1 0 0 s3               s2 
        300  +1                1 1 0 0 s2               s2 
        300  +2                1 1 0 0 s2               s4 
        301  +1                1 0 0 0 s2               s4 
        301  +2                1 0 1 0 s2               s3 
        305  +0                0 0 1 0 s2               s3 
        310  +0                1 0 1 0 s2               s3 
        310  +1                1 0 1 0 s3               s3 
        310  +2                1 0 0 0 s3               s5 
        315  +0                0 0 0 0 s3               s5 
        320  +0                1 0 0 0 s3               s5 
        320  +1                1 0 0 0 s5               s5 
        320  +2                1 0 0 0 s5               s1 
        321  +1                1 1 0 0 s5               s1 
        321  +2                1 1 1 0 s5               s2 
        325  +0                0 1 1 0 s5               s2 
        330  +0                1 1 1 0 s5               s2 
        330  +1                1 1 1 0 s2               s2 
        330  +2                1 1 0 0 s2               s4 
        331  +1                1 0 0 0 s2               s4 
        331  +2                1 0 1 0 s2               s3 
        335  +0                0 0 1 0 s2               s3 
        340  +0                1 0 1 0 s2               s3 
        340  +1                1 0 1 0 s3               s3 
        340  +2                1 0 0 0 s3               s5 
        345  +0                0 0 0 0 s3               s5 
        350  +0                1 0 0 0 s3               s5 
        350  +1                1 0 0 0 s5               s5 
        350  +2                1 0 0 0 s5               s1 
        355  +0                0 0 0 0 s5               s1 
        360  +0                1 0 0 0 s5               s1 
        360  +1                1 0 0 0 s1               s1 
        365  +0                0 0 0 0 s1               s1 
        370  +0                1 0 0 0 s1               s1 
        375  +0                0 0 0 0 s1               s1 
        380  +0                1 0 0 0 s1               s1 
        385  +0                0 0 0 0 s1               s1 
        390  +0                1 0 0 0 s1               s1 
        395  +0                0 0 0 0 s1               s1 
        400  +0                1 0 0 0 s1               s1 
        405  +0                0 0 0 0 s1               s1 
        410  +0                1 0 0 0 s1               s1 
        411  +1                1 0 0 1 s1               s1 
        411  +2                1 0 0 1 s1               s0 
        415  +0                0 0 0 1 s1               s0 
        420  +0                1 0 0 1 s1               s0 
        420  +1                1 0 0 1 s0               s0 
        425  +0                0 0 0 1 s0               s0 
        430  +0                1 0 0 1 s0               s0 
        435  +0                0 0 0 1 s0               s0 
        440  +0                1 0 0 1 s0               s0 
        445  +0                0 0 0 1 s0               s0 
        450  +0                1 0 0 1 s0               s0 
        455  +0                0 0 0 1 s0               s0 
        460  +0                1 0 0 1 s0               s0 
        465  +0                0 0 0 1 s0               s0 
        470  +0                1 0 0 1 s0               s0 
        475  +0                0 0 0 1 s0               s0 
        480  +0                1 0 0 1 s0               s0 
        485  +0                0 0 0 1 s0               s0 
        490  +0                1 0 0 1 s0               s0 
        495  +0                0 0 0 1 s0               s0 
        500  +0                1 0 0 1 s0               s0 
        505  +0                0 0 0 1 s0               s0 
        510  +0                1 0 0 1 s0               s0 
        515  +0                0 0 0 1 s0               s0 
        520  +0                1 0 0 1 s0               s0 
        525  +0                0 0 0 1 s0               s0 
        530  +0                1 0 0 1 s0               s0 
        535  +0                0 0 0 1 s0               s0 
        540  +0                1 0 0 1 s0               s0 
        545  +0                0 0 0 1 s0               s0 
        550  +0                1 0 0 1 s0               s0 
        555  +0                0 0 0 1 s0               s0 
        560  +0                1 0 0 1 s0               s0 
        565  +0                0 0 0 1 s0               s0 
        570  +0                1 0 0 1 s0               s0 
        575  +0                0 0 0 1 s0               s0 
        580  +0                1 0 0 1 s0               s0 
        585  +0                0 0 0 1 s0               s0 
        590  +0                1 0 0 1 s0               s0 
        595  +0                0 0 0 1 s0               s0 
        600  +0                1 0 0 1 s0               s0 
